{
	.corner = {38, 32, 37, 68, 67, 2, 71, 1},
	.edge = {9, 2, 17, 8, 4, 3, 0, 27, 21, 26, 6, 7}
}
