DR0 UR0 UB0 DF1 UL1 BR1 FL0 UF0 DL1 FR1 DB0 BL1 UFL0 DFR0 UBL0 UBR2 DBL0 DFL2 DBR1 UFR1
