FL1 UB0 DB0 FR1 UF1 UL0 DL0 BR0 DR0 DF1 BL0 UR0 UFR1 UBL0 DFR1 UBR2 DFL2 UFL2 DBR1 DBL0
