FL1 UR1 BR1 FR1 UL0 BL0 DB1 UB0 DF1 DL1 UF0 DR1 UFR2 UBR0 DFL2 UFL0 DBR0 DFR2 DBL1 UBL2
