Test solver

512
100000000000
12345678912345
399999999998
2
0
20

100
101
102
103
104
105
106
107
108
109
110
111
112
113
114
115
116
117
118
119
120
