UF0 UB0 DB0 DF1 UR0 UL1 DL0 DR0 FR0 FL0 BL0 BR0 UFR0 UBL0 DFL0 DBR0 UFL0 UBR0 DFR0 DBL0
