UL0 BL0 BR0 DL0 FR0 DF0 DB0 DR0 UB0 FL0 UF0 UR0 DFL0 UFR1 DBR1 UBR2 DBL2 DFR0 UFL1 UBL2
