UL1 BL1 BR1 DL1 FR1 DF1 DB1 DR1 UB1 FL1 UF1 UR1 DFL0 UFR1 DBR1 UBR2 DBL2 DFR0 UFL1 UBL2
