UF0 UB0 DB0 DF0 UR0 UL0 DL0 DR0 FR0 FL0 BL0 BR0 DFL0 UFR1 DBR1 UBR2 DBL2 DFR0 UFL1 UBL2
