118687270

cocsepdata:
Classes: 3393
Max value: 9
0: 1
1: 6
2: 63
3: 468
4: 3068
5: 15438
6: 53814
7: 71352
8: 8784
9: 96

h48:
0: 1
1: 1
2: 4
3: 34
4: 375
5: 4078
