_mm256_set_epi8(
	0, 0, 0, 0, 7, 6, 26, 21, 27, 0, 3, 4, 8, 17, 2, 9,
	0, 0, 0, 0, 0, 0, 0, 0, 1, 71, 2, 67, 68, 37, 32, 38
)
