UF0 UB0 DB0 DF0 UR0 DL0 UL0 DR0 FR0 BL0 FL0 BR0 UFR0 DFL0 UBL0 DBR0 DBL0 UBR0 DFR0 UFL0
