BR0 DF0 FL1 UB0 BL0 FR1 UR1 UL0 DR1 DB0 UF1 DL1 DFL0 DFR0 UFL1 UBL2 DBR1 DBL0 UFR1 UBR1
