U2 R' L F2 R L'
R U2 R' L F2 L'
R L' U2 R' L F2
L' U2 R' L F2 R
