UB1 DR1 DL1 FR0 DF1 BR0 UF0 UR0 UL0 FL1 BL0 DB1 UBR1 UFR0 UFL1 DFR2 UBL0 DBR1 DBL1 DFL0
