DF1 BR0 DL1 FR0 DR1 UB1 UF0 UR0 UL0 FL1 BL0 DB1 DBR1 UBL0 UFL1 DFR2 UBR1 UFR0 DBL1 DFL0
