UL1 UB0 DL1 UR0 BL1 DR1 BR0 DB0 FL1 UF0 FR1 DF0 DFR2 DFL0 DBL0 UFL0 UBR1 UBL0 UFR2 DBR1
