UL0 BL0 BR1 DL0 FR0 DF0 DB1 DR1 UB0 FL0 UF0 UR1 UFR0 UBL0 DFL0 DBR0 UFL0 UBR0 DFR0 DBL0
