UB0 BL0 BR1 DL0 FR0 DF0 DB1 DR1 UR0 FL0 UL0 UF1 DFL0 UFL1 DBR1 UFR2 DBL2 DFR0 UBL1 UBR2
