UL0 BL0 BR1 DL0 UF1 FR1 DB1 DR1 UB0 DF1 FL1 UR1 DFR1 UFL2 DBR1 UBR2 DBL2 UFR2 DFL0 UBL2
