DR0 DB0 UL1 UB1 BR1 UF1 DL0 FL1 BL0 DF1 FR1 UR1 DBR1 UBL1 UFR1 DBL2 DFR1 DFL0 UBR1 UFL2
