FL0 FR1 DL1 UR1 UF1 BR0 UL0 BL1 DR0 DF1 DB0 UB0 UBL2 DFR0 UFL0 DBR1 DFL1 UBR2 DBL2 UFR1
