UF1 BR0 DL1 UR1 DR0 FL0 UL0 UB0 BL1 DF1 DB0 FR1 DBL1 DFL1 UFL0 DFR2 UBL2 UBR0 DBR2 UFR1
