UF1 BR0 DR0 FR1 DF0 FL1 BL0 UL0 DL0 UR0 DB1 UB0 DFR2 DBL1 UBL0 UFL1 DBR2 DFL1 UFR2 UBR0
