U' F2 B2 L' U2 L' D2 L' D F2 R F2 L2 F2 D2 R' B2 D2 R' B2
