FL1 UL0 DB0 FR1 UB0 UF0 DL0 DR0 UR1 DF1 BL0 BR0 UFR1 UFL0 DFR1 DBR0 DFL2 UBL0 UBR2 DBL0
